leitir: benchmark task 1/32 c-redis-db-add-definition starting (elapsed 0m00s)
leitir: benchmark task 2/32 c-redis-lookup-key-definition starting (elapsed 0m01s)
leitir: benchmark task 3/32 c-redis-mstime-definition starting (elapsed 0m01s)
leitir: benchmark task 4/32 c-redis-ustime-definition starting (elapsed 0m01s)
leitir: benchmark task 5/32 cpp-fmt-compile-string-definition starting (elapsed 0m01s)
leitir: benchmark task 6/32 cpp-fmt-digit-grouping-definition starting (elapsed 0m03s)
leitir: benchmark task 7/32 cpp-fmt-dynamic-spec-getter-definition starting (elapsed 0m03s)
leitir: benchmark task 8/32 cpp-fmt-locale-ref-definition starting (elapsed 0m05s)
leitir: benchmark task 9/32 go-testify-contains-definition starting (elapsed 0m05s)
leitir: benchmark task 10/32 go-testify-elements-match-definition starting (elapsed 0m08s)
leitir: benchmark task 11/32 go-testify-equal-definition starting (elapsed 0m09s)
leitir: benchmark task 12/32 go-testify-no-error-definition starting (elapsed 0m09s)
leitir: benchmark task 13/32 java-gson-create-definition starting (elapsed 0m10s)
leitir: benchmark task 14/32 java-gson-deep-copy-definition starting (elapsed 0m12s)
leitir: benchmark task 15/32 java-gson-new-builder-definition starting (elapsed 0m13s)
leitir: benchmark task 16/32 java-gson-parse-string-definition starting (elapsed 0m14s)
leitir: benchmark task 17/32 javascript-commander-argument-definition starting (elapsed 0m15s)
leitir: benchmark task 18/32 javascript-commander-dual-options-definition starting (elapsed 0m16s)
leitir: benchmark task 19/32 javascript-commander-name-definition starting (elapsed 0m16s)
leitir: benchmark task 20/32 javascript-commander-option-definition starting (elapsed 0m17s)
leitir: benchmark task 21/32 python-cpython-quote-definition starting (elapsed 0m18s)
leitir: benchmark task 22/32 python-cpython-urlencode-definition starting (elapsed 0m20s)
leitir: benchmark task 23/32 python-cpython-urlparse-definition starting (elapsed 0m21s)
leitir: benchmark task 24/32 python-cpython-urlsplit-definition starting (elapsed 0m22s)
leitir: benchmark task 25/32 rust-serde-deserialize-definition starting (elapsed 0m23s)
leitir: benchmark task 26/32 rust-serde-deserializer-definition starting (elapsed 0m24s)
leitir: benchmark task 27/32 rust-serde-serialize-definition starting (elapsed 0m25s)
leitir: benchmark task 28/32 rust-serde-serializer-definition starting (elapsed 0m26s)
leitir: benchmark task 29/32 typescript-typescript-create-compiler-host-definition starting (elapsed 0m27s)
leitir: benchmark task 30/32 typescript-typescript-find-config-file-definition starting (elapsed 23m51s)
leitir: benchmark task 31/32 typescript-typescript-first-defined-definition starting (elapsed 23m53s)
leitir: benchmark task 32/32 typescript-typescript-length-definition starting (elapsed 23m53s)
benchmark=search-v1 tasks=32 results=33 artifact_sha256=9200c0986751ed5a9768677509780829e64b41ccea3e39746e779884d8255e1c
